04/22/2019 10:23:40: 	A transport-level error has occurred when receiving results from the server. (provider: Session Provider, error: 19 - Physical connection is not usable)
   at System.Data.SqlClient.SqlConnection.OnError(SqlException exception, Boolean breakConnection, Action`1 wrapCloseInAction)
   at System.Data.SqlClient.SqlInternalConnection.OnError(SqlException exception, Boolean breakConnection, Action`1 wrapCloseInAction)
   at System.Data.SqlClient.TdsParser.ThrowExceptionAndWarning(TdsParserStateObject stateObj, Boolean callerHasConnectionLock, Boolean asyncClose)
   at System.Data.SqlClient.TdsParserStateObject.ReadSniError(TdsParserStateObject stateObj, UInt32 error)
   at System.Data.SqlClient.TdsParserStateObject.ReadSniSyncOverAsync()
   at System.Data.SqlClient.TdsParserStateObject.TryReadNetworkPacket()
   at System.Data.SqlClient.TdsParserStateObject.TryPrepareBuffer()
   at System.Data.SqlClient.TdsParserStateObject.TryReadUInt32(UInt32& value)
   at System.Data.SqlClient.TdsParserStateObject.TryReadPlpLength(Boolean returnPlpNullIfNull, UInt64& lengthLeft)
   at System.Data.SqlClient.TdsParser.TrySkipPlpValue(UInt64 cb, TdsParserStateObject stateObj, UInt64& totalBytesSkipped)
   at System.Data.SqlClient.TdsParser.TrySkipValue(SqlMetaDataPriv md, Int32 columnOrdinal, TdsParserStateObject stateObj)
   at System.Data.SqlClient.TdsParser.TrySkipRow(_SqlMetaDataSet columns, Int32 startCol, TdsParserStateObject stateObj)
   at System.Data.SqlClient.TdsParser.TrySkipRow(_SqlMetaDataSet columns, TdsParserStateObject stateObj)
   at System.Data.SqlClient.TdsParser.TryRun(RunBehavior runBehavior, SqlCommand cmdHandler, SqlDataReader dataStream, BulkCopySimpleResultSet bulkCopyHandler, TdsParserStateObject stateObj, Boolean& dataReady)
   at System.Data.SqlClient.SqlDataReader.TryCloseInternal(Boolean closeReader)
   at System.Data.SqlClient.SqlDataReader.Close()
   at System.Data.Common.DbDataReader.Dispose(Boolean disposing)
   at System.Data.Common.DbDataReader.Dispose()
   at System.Data.Linq.SqlClient.ObjectReaderCompiler.ObjectReaderSession`1.Dispose()
   at System.Data.Linq.SqlClient.ObjectReaderCompiler.ObjectReader`2.Dispose()
   at System.Data.Linq.SqlClient.ObjectReaderCompiler.ObjectReader`2.MoveNext()
   at System.Linq.Buffer`1..ctor(IEnumerable`1 source)
   at System.Linq.Enumerable.ToArray[TSource](IEnumerable`1 source)
   at DATA.NotifiDBSproc.GetNotifisDyn(String select, String where, String orderBy) in D:\Work\news\code\congdoannganhang\code\DATA\NotifiDBSproc.cs:line 43
