2020/12/15 11:43:56.142: :	AdminReportController.ExportExcel 
	Message:Specified argument was out of the range of valid values.
Parameter name: Start cell Address must be less or equal to End cell address	 ActualValue:	 ParamName:Start cell Address must be less or equal to End cell address	 Data:System.Collections.ListDictionaryInternal	 InnerException:	 TargetSite:Void Validate()	 StackTrace:   at OfficeOpenXml.ExcelAddressBase.Validate()
   at OfficeOpenXml.ExcelRange.get_Item(String Address)
   at Car.CMS.Controllers.AdminReportController.ExportExcel(Int32 year, Int32 type) in D:\Work\News2020\code\VEEIE\report\Card\Controllers\AdminReportController.cs:line 822	 HelpLink:	 Source:EPPlus	 HResult:-2146233086	 
2020/12/15 11:44:21.877: :	AdminReportController.ExportExcel 
	Message:Specified argument was out of the range of valid values.
Parameter name: Start cell Address must be less or equal to End cell address	 ActualValue:	 ParamName:Start cell Address must be less or equal to End cell address	 Data:System.Collections.ListDictionaryInternal	 InnerException:	 TargetSite:Void Validate()	 StackTrace:   at OfficeOpenXml.ExcelAddressBase.Validate()
   at OfficeOpenXml.ExcelRange.get_Item(String Address)
   at Car.CMS.Controllers.AdminReportController.ExportExcel(Int32 year, Int32 type) in D:\Work\News2020\code\VEEIE\report\Card\Controllers\AdminReportController.cs:line 822	 HelpLink:	 Source:EPPlus	 HResult:-2146233086	 
2020/12/15 11:48:49.775: :	AdminReportController.ExportExcel 
	Message:Specified argument was out of the range of valid values.
Parameter name: Start cell Address must be less or equal to End cell address	 ActualValue:	 ParamName:Start cell Address must be less or equal to End cell address	 Data:System.Collections.ListDictionaryInternal	 InnerException:	 TargetSite:Void Validate()	 StackTrace:   at OfficeOpenXml.ExcelAddressBase.Validate()
   at OfficeOpenXml.ExcelRange.get_Item(String Address)
   at Car.CMS.Controllers.AdminReportController.ExportExcel(Int32 year, Int32 type) in D:\Work\News2020\code\VEEIE\report\Card\Controllers\AdminReportController.cs:line 822	 HelpLink:	 Source:EPPlus	 HResult:-2146233086	 
2020/12/15 11:52:46.541: :	AdminReportController.ExportExcel 
	Message:Specified argument was out of the range of valid values.
Parameter name: Start cell Address must be less or equal to End cell address	 ActualValue:	 ParamName:Start cell Address must be less or equal to End cell address	 Data:System.Collections.ListDictionaryInternal	 InnerException:	 TargetSite:Void Validate()	 StackTrace:   at OfficeOpenXml.ExcelAddressBase.Validate()
   at OfficeOpenXml.ExcelRange.get_Item(String Address)
   at Car.CMS.Controllers.AdminReportController.ExportExcel(Int32 year, Int32 type) in D:\Work\News2020\code\VEEIE\report\Card\Controllers\AdminReportController.cs:line 822	 HelpLink:	 Source:EPPlus	 HResult:-2146233086	 
2020/12/15 11:53:48.005: :	AdminReportController.ExportExcel 
	Message:Specified argument was out of the range of valid values.
Parameter name: Start cell Address must be less or equal to End cell address	 ActualValue:	 ParamName:Start cell Address must be less or equal to End cell address	 Data:System.Collections.ListDictionaryInternal	 InnerException:	 TargetSite:Void Validate()	 StackTrace:   at OfficeOpenXml.ExcelAddressBase.Validate()
   at OfficeOpenXml.ExcelRange.get_Item(String Address)
   at Car.CMS.Controllers.AdminReportController.ExportExcel(Int32 year, Int32 type) in D:\Work\News2020\code\VEEIE\report\Card\Controllers\AdminReportController.cs:line 822	 HelpLink:	 Source:EPPlus	 HResult:-2146233086	 
2020/12/15 11:54:27.419: :	AdminReportController.ExportExcel 
	Message:Specified argument was out of the range of valid values.
Parameter name: Start cell Address must be less or equal to End cell address	 ActualValue:	 ParamName:Start cell Address must be less or equal to End cell address	 Data:System.Collections.ListDictionaryInternal	 InnerException:	 TargetSite:Void Validate()	 StackTrace:   at OfficeOpenXml.ExcelAddressBase.Validate()
   at OfficeOpenXml.ExcelRange.get_Item(String Address)
   at Car.CMS.Controllers.AdminReportController.ExportExcel(Int32 year, Int32 type) in D:\Work\News2020\code\VEEIE\report\Card\Controllers\AdminReportController.cs:line 822	 HelpLink:	 Source:EPPlus	 HResult:-2146233086	 
2020/12/15 11:55:08.930: :	AdminReportController.ExportExcel 
	Message:Specified argument was out of the range of valid values.
Parameter name: Start cell Address must be less or equal to End cell address	 ActualValue:	 ParamName:Start cell Address must be less or equal to End cell address	 Data:System.Collections.ListDictionaryInternal	 InnerException:	 TargetSite:Void Validate()	 StackTrace:   at OfficeOpenXml.ExcelAddressBase.Validate()
   at OfficeOpenXml.ExcelRange.get_Item(String Address)
   at Car.CMS.Controllers.AdminReportController.ExportExcel(Int32 year, Int32 type) in D:\Work\News2020\code\VEEIE\report\Card\Controllers\AdminReportController.cs:line 822	 HelpLink:	 Source:EPPlus	 HResult:-2146233086	 
2020/12/15 11:56:07.869: :	AdminReportController.ExportExcel 
	Message:Specified argument was out of the range of valid values.
Parameter name: Start cell Address must be less or equal to End cell address	 ActualValue:	 ParamName:Start cell Address must be less or equal to End cell address	 Data:System.Collections.ListDictionaryInternal	 InnerException:	 TargetSite:Void Validate()	 StackTrace:   at OfficeOpenXml.ExcelAddressBase.Validate()
   at OfficeOpenXml.ExcelRange.get_Item(String Address)
   at Car.CMS.Controllers.AdminReportController.ExportExcel(Int32 year, Int32 type) in D:\Work\News2020\code\VEEIE\report\Card\Controllers\AdminReportController.cs:line 822	 HelpLink:	 Source:EPPlus	 HResult:-2146233086	 
